2025-11-11 22:25:33 - __main__ - INFO - Logging to file: logs/bot_20251111.log
2025-11-11 22:25:33 - __main__ - INFO - ============================================================
2025-11-11 22:25:33 - __main__ - INFO - Binance Futures Trading Bot Starting...
2025-11-11 22:25:33 - __main__ - INFO - ============================================================
2025-11-11 22:25:33 - __main__ - INFO - Initializing bot...
2025-11-11 22:25:33 - __main__ - INFO - Connected to Binance Futures
2025-11-11 22:25:33 - __main__ - INFO - Account Balance: $7.00 USDT
2025-11-11 22:25:33 - __main__ - INFO - Set 5x leverage for INJUSDT
2025-11-11 22:25:34 - __main__ - INFO - Set 5x leverage for BNBUSDT
2025-11-11 22:25:35 - __main__ - INFO - Set 5x leverage for SOLUSDT
2025-11-11 22:25:36 - __main__ - INFO - Set 5x leverage for ROSEUSDT
2025-11-11 22:25:36 - __main__ - INFO - Set 5x leverage for XRPUSDT
2025-11-11 22:25:37 - __main__ - INFO - Bot initialized successfully
2025-11-11 22:25:37 - __main__ - INFO - Trading pairs: INJUSDT, BNBUSDT, SOLUSDT, ROSEUSDT, XRPUSDT
2025-11-11 22:25:37 - __main__ - INFO - Timeframe: 15m
2025-11-11 22:25:37 - __main__ - INFO - Max positions: 5
2025-11-11 22:25:37 - __main__ - INFO - Daily profit target: 5%
2025-11-11 22:25:37 - __main__ - INFO - Max daily loss: 3%
2025-11-11 22:25:37 - __main__ - INFO - ============================================================
2025-11-11 22:25:37 - __main__ - INFO - Bot is now running. Press Ctrl+C to stop.
2025-11-11 22:25:38 - __main__ - INFO - BNBUSDT: SHORT signal (strength: 40, valid: True) - RSI oversold (23.5), Stochastic oversold crossover, Strong downtrend (EMA alignment)
2025-11-11 22:25:39 - __main__ - INFO - SOLUSDT: SHORT signal (strength: 40, valid: True) - RSI oversold (14.0), Strong downtrend (EMA alignment), Price below SAR
2025-11-11 22:25:39 - __main__ - INFO - ROSEUSDT: SHORT signal (strength: 40, valid: True) - RSI oversold (16.8), Price at lower Bollinger Band, Strong downtrend (EMA alignment)
2025-11-11 22:25:39 - __main__ - INFO - XRPUSDT: SHORT signal (strength: 40, valid: True) - RSI oversold (26.8), Strong downtrend (EMA alignment), Price below SAR
2025-11-11 22:25:40 - __main__ - INFO - BNBUSDT: Opening SHORT position...
2025-11-11 22:25:40 - __main__ - WARNING - BNBUSDT: Failed to open position - Position size too small (min notional: $5.0)
2025-11-11 22:25:41 - __main__ - INFO - SOLUSDT: Opening SHORT position...
2025-11-11 22:25:41 - __main__ - WARNING - SOLUSDT: Failed to open position - Position size too small (min notional: $5.0)
2025-11-11 22:25:42 - __main__ - INFO - ROSEUSDT: Opening SHORT position...
2025-11-11 22:25:42 - __main__ - WARNING - ROSEUSDT: Failed to open position - Position size too small (min notional: $5.0)
2025-11-11 22:25:43 - __main__ - INFO - XRPUSDT: Opening SHORT position...
2025-11-11 22:25:43 - __main__ - WARNING - XRPUSDT: Failed to open position - Position size too small (min notional: $5.0)
2025-11-11 22:25:43 - __main__ - INFO - Waiting 60 seconds...
2025-11-11 22:25:47 - __main__ - INFO - 
Shutdown signal received...
2025-11-11 22:25:47 - __main__ - INFO - Shutting down bot...
2025-11-11 22:25:47 - __main__ - INFO - ============================================================
2025-11-11 22:25:47 - __main__ - INFO - Bot Status - Iteration #1
2025-11-11 22:25:47 - __main__ - INFO - Time: 2025-11-11 22:25:47
2025-11-11 22:25:47 - __main__ - INFO - ------------------------------------------------------------
2025-11-11 22:25:47 - __main__ - INFO - Balance: $7.00 USDT
2025-11-11 22:25:47 - __main__ - INFO - Daily PnL: $0.00 (0.00%)
2025-11-11 22:25:47 - __main__ - INFO - Daily Trades: 0
2025-11-11 22:25:47 - __main__ - INFO - Total Trades: 0
2025-11-11 22:25:47 - __main__ - INFO - Win Rate: 0.0%
2025-11-11 22:25:47 - __main__ - INFO - Drawdown: 0.00%
2025-11-11 22:25:47 - __main__ - INFO - ------------------------------------------------------------
2025-11-11 22:25:47 - __main__ - INFO - Active Positions: 0
2025-11-11 22:25:47 - __main__ - INFO - ============================================================
2025-11-11 22:25:47 - __main__ - INFO - Bot stopped successfully
2025-11-11 22:25:47 - __main__ - INFO - ============================================================
2025-11-11 22:33:30 - __main__ - INFO - Logging to file: logs/bot_20251111.log
2025-11-11 22:33:30 - __main__ - INFO - ============================================================
2025-11-11 22:33:30 - __main__ - INFO - Binance Futures Trading Bot Starting...
2025-11-11 22:33:30 - __main__ - INFO - ============================================================
2025-11-11 22:33:30 - __main__ - INFO - Initializing bot...
2025-11-11 22:33:30 - __main__ - INFO - Connected to Binance Futures
2025-11-11 22:33:30 - __main__ - INFO - Account Balance: $7.00 USDT
2025-11-11 22:33:31 - __main__ - INFO - Set 5x leverage for INJUSDT
2025-11-11 22:33:31 - __main__ - INFO - Set 5x leverage for BNBUSDT
2025-11-11 22:33:32 - __main__ - INFO - Set 5x leverage for SOLUSDT
2025-11-11 22:33:33 - __main__ - INFO - Set 5x leverage for ROSEUSDT
2025-11-11 22:33:34 - __main__ - INFO - Set 5x leverage for XRPUSDT
2025-11-11 22:33:34 - __main__ - INFO - Bot initialized successfully
2025-11-11 22:33:34 - __main__ - INFO - Trading pairs: INJUSDT, BNBUSDT, SOLUSDT, ROSEUSDT, XRPUSDT
2025-11-11 22:33:34 - __main__ - INFO - Timeframe: 15m
2025-11-11 22:33:34 - __main__ - INFO - Max positions: 5
2025-11-11 22:33:34 - __main__ - INFO - Daily profit target: 5%
2025-11-11 22:33:34 - __main__ - INFO - Max daily loss: 3%
2025-11-11 22:33:34 - __main__ - INFO - ============================================================
2025-11-11 22:33:34 - __main__ - INFO - Bot is now running. Press Ctrl+C to stop.
2025-11-11 22:33:36 - __main__ - INFO - BNBUSDT: SHORT signal (strength: 40, valid: True) - Strong downtrend (EMA alignment), Price below SAR, AO bearish
2025-11-11 22:33:36 - __main__ - INFO - SOLUSDT: SHORT signal (strength: 40, valid: True) - RSI oversold (22.0), Strong downtrend (EMA alignment), Price below SAR
2025-11-11 22:33:37 - __main__ - INFO - ROSEUSDT: SHORT signal (strength: 40, valid: True) - RSI oversold (14.5), Strong downtrend (EMA alignment), Price below SAR
2025-11-11 22:33:38 - __main__ - INFO - BNBUSDT: Opening SHORT position...
2025-11-11 22:33:38 - __main__ - WARNING - BNBUSDT: Failed to open position - Position size too small (min notional: $5.0)
2025-11-11 22:33:39 - __main__ - INFO - SOLUSDT: Opening SHORT position...
2025-11-11 22:33:39 - __main__ - WARNING - SOLUSDT: Failed to open position - Position size too small (min notional: $5.0)
2025-11-11 22:33:40 - __main__ - INFO - ROSEUSDT: Opening SHORT position...
2025-11-11 22:33:40 - __main__ - WARNING - ROSEUSDT: Failed to open position - Position size too small (min notional: $5.0)
2025-11-11 22:33:40 - __main__ - INFO - Waiting 60 seconds...
2025-11-11 22:33:45 - __main__ - INFO - 
Shutdown signal received...
2025-11-11 22:33:45 - __main__ - INFO - Shutting down bot...
2025-11-11 22:33:46 - __main__ - INFO - ============================================================
2025-11-11 22:33:46 - __main__ - INFO - Bot Status - Iteration #1
2025-11-11 22:33:46 - __main__ - INFO - Time: 2025-11-11 22:33:46
2025-11-11 22:33:46 - __main__ - INFO - ------------------------------------------------------------
2025-11-11 22:33:46 - __main__ - INFO - Balance: $7.00 USDT
2025-11-11 22:33:46 - __main__ - INFO - Daily PnL: $0.00 (0.00%)
2025-11-11 22:33:46 - __main__ - INFO - Daily Trades: 0
2025-11-11 22:33:46 - __main__ - INFO - Total Trades: 0
2025-11-11 22:33:46 - __main__ - INFO - Win Rate: 0.0%
2025-11-11 22:33:46 - __main__ - INFO - Drawdown: 0.00%
2025-11-11 22:33:46 - __main__ - INFO - ------------------------------------------------------------
2025-11-11 22:33:46 - __main__ - INFO - Active Positions: 0
2025-11-11 22:33:46 - __main__ - INFO - ============================================================
2025-11-11 22:33:46 - __main__ - INFO - Bot stopped successfully
2025-11-11 22:33:46 - __main__ - INFO - ============================================================
2025-11-11 22:34:54 - __main__ - INFO - Logging to file: logs/bot_20251111.log
2025-11-11 22:34:54 - __main__ - INFO - ============================================================
2025-11-11 22:34:54 - __main__ - INFO - Binance Futures Trading Bot Starting...
2025-11-11 22:34:54 - __main__ - INFO - ============================================================
2025-11-11 22:34:54 - __main__ - INFO - Initializing bot...
2025-11-11 22:34:54 - __main__ - INFO - Connected to Binance Futures
2025-11-11 22:34:54 - __main__ - INFO - Account Balance: $7.00 USDT
2025-11-11 22:34:54 - __main__ - INFO - Set 5x leverage for INJUSDT
2025-11-11 22:34:55 - __main__ - INFO - Set 5x leverage for BNBUSDT
2025-11-11 22:34:56 - __main__ - INFO - Set 5x leverage for SOLUSDT
2025-11-11 22:34:57 - __main__ - INFO - Set 5x leverage for ROSEUSDT
2025-11-11 22:34:57 - __main__ - INFO - Set 5x leverage for XRPUSDT
2025-11-11 22:34:58 - __main__ - INFO - Bot initialized successfully
2025-11-11 22:34:58 - __main__ - INFO - Trading pairs: INJUSDT, BNBUSDT, SOLUSDT, ROSEUSDT, XRPUSDT
2025-11-11 22:34:58 - __main__ - INFO - Timeframe: 15m
2025-11-11 22:34:58 - __main__ - INFO - Max positions: 5
2025-11-11 22:34:58 - __main__ - INFO - Daily profit target: 5%
2025-11-11 22:34:58 - __main__ - INFO - Max daily loss: 3%
2025-11-11 22:34:58 - __main__ - INFO - ============================================================
2025-11-11 22:34:58 - __main__ - INFO - Bot is now running. Press Ctrl+C to stop.
2025-11-11 22:34:59 - __main__ - INFO - BNBUSDT: SHORT signal (strength: 40, valid: True) - Strong downtrend (EMA alignment), Price below SAR, AO bearish
2025-11-11 22:35:00 - __main__ - INFO - SOLUSDT: SHORT signal (strength: 40, valid: True) - RSI oversold (21.0), Strong downtrend (EMA alignment), Price below SAR
2025-11-11 22:35:00 - __main__ - INFO - ROSEUSDT: SHORT signal (strength: 40, valid: True) - RSI oversold (13.8), Strong downtrend (EMA alignment), Price below SAR
2025-11-11 22:35:01 - __main__ - INFO - BNBUSDT: Opening SHORT position...
2025-11-11 22:35:02 - __main__ - WARNING - BNBUSDT: Failed to open position - Position size too small (min notional: $5.0)
2025-11-11 22:35:02 - __main__ - INFO - SOLUSDT: Opening SHORT position...
2025-11-11 22:35:03 - __main__ - WARNING - SOLUSDT: Failed to open position - Position size too small (min notional: $5.0)
2025-11-11 22:35:03 - __main__ - INFO - ROSEUSDT: Opening SHORT position...
2025-11-11 22:35:04 - __main__ - WARNING - ROSEUSDT: Failed to open position - Position size too small (min notional: $5.0)
2025-11-11 22:35:04 - __main__ - INFO - Waiting 60 seconds...
2025-11-11 22:35:06 - __main__ - INFO - 
Shutdown signal received...
2025-11-11 22:35:06 - __main__ - INFO - Shutting down bot...
2025-11-11 22:35:06 - __main__ - INFO - ============================================================
2025-11-11 22:35:06 - __main__ - INFO - Bot Status - Iteration #1
2025-11-11 22:35:06 - __main__ - INFO - Time: 2025-11-11 22:35:06
2025-11-11 22:35:06 - __main__ - INFO - ------------------------------------------------------------
2025-11-11 22:35:06 - __main__ - INFO - Balance: $7.00 USDT
2025-11-11 22:35:06 - __main__ - INFO - Daily PnL: $0.00 (0.00%)
2025-11-11 22:35:06 - __main__ - INFO - Daily Trades: 0
2025-11-11 22:35:06 - __main__ - INFO - Total Trades: 0
2025-11-11 22:35:06 - __main__ - INFO - Win Rate: 0.0%
2025-11-11 22:35:06 - __main__ - INFO - Drawdown: 0.00%
2025-11-11 22:35:06 - __main__ - INFO - ------------------------------------------------------------
2025-11-11 22:35:06 - __main__ - INFO - Active Positions: 0
2025-11-11 22:35:06 - __main__ - INFO - ============================================================
2025-11-11 22:35:06 - __main__ - INFO - Bot stopped successfully
2025-11-11 22:35:06 - __main__ - INFO - ============================================================
2025-11-11 22:35:42 - __main__ - INFO - Logging to file: logs/bot_20251111.log
2025-11-11 22:35:42 - __main__ - INFO - ============================================================
2025-11-11 22:35:42 - __main__ - INFO - Binance Futures Trading Bot Starting...
2025-11-11 22:35:42 - __main__ - INFO - ============================================================
2025-11-11 22:35:42 - __main__ - INFO - Initializing bot...
2025-11-11 22:35:42 - __main__ - INFO - Connected to Binance Futures
2025-11-11 22:35:42 - __main__ - INFO - Account Balance: $17.13 USDT
2025-11-11 22:35:43 - __main__ - INFO - Set 5x leverage for INJUSDT
2025-11-11 22:35:43 - __main__ - INFO - Set 5x leverage for BNBUSDT
2025-11-11 22:35:44 - __main__ - INFO - Set 5x leverage for SOLUSDT
2025-11-11 22:35:45 - __main__ - INFO - Set 5x leverage for ROSEUSDT
2025-11-11 22:35:45 - __main__ - INFO - Set 5x leverage for XRPUSDT
2025-11-11 22:35:46 - __main__ - INFO - Bot initialized successfully
2025-11-11 22:35:46 - __main__ - INFO - Trading pairs: INJUSDT, BNBUSDT, SOLUSDT, ROSEUSDT, XRPUSDT
2025-11-11 22:35:46 - __main__ - INFO - Timeframe: 15m
2025-11-11 22:35:46 - __main__ - INFO - Max positions: 5
2025-11-11 22:35:46 - __main__ - INFO - Daily profit target: 5%
2025-11-11 22:35:46 - __main__ - INFO - Max daily loss: 3%
2025-11-11 22:35:46 - __main__ - INFO - ============================================================
2025-11-11 22:35:46 - __main__ - INFO - Bot is now running. Press Ctrl+C to stop.
2025-11-11 22:35:48 - __main__ - INFO - BNBUSDT: SHORT signal (strength: 40, valid: True) - Strong downtrend (EMA alignment), Price below SAR, AO bearish
2025-11-11 22:35:48 - __main__ - INFO - SOLUSDT: SHORT signal (strength: 40, valid: True) - RSI oversold (22.6), Strong downtrend (EMA alignment), Price below SAR
2025-11-11 22:35:48 - __main__ - INFO - ROSEUSDT: SHORT signal (strength: 40, valid: True) - RSI oversold (13.8), Strong downtrend (EMA alignment), Price below SAR
2025-11-11 22:35:49 - __main__ - INFO - BNBUSDT: Opening SHORT position...
2025-11-11 22:35:49 - __main__ - WARNING - BNBUSDT: Failed to open position - Position size too small (min notional: $5.0)
2025-11-11 22:35:50 - __main__ - INFO - SOLUSDT: Opening SHORT position...
2025-11-11 22:35:53 - __main__ - INFO - SOLUSDT: Position opened successfully!
2025-11-11 22:35:53 - __main__ - INFO -   Entry: $158.97
2025-11-11 22:35:53 - __main__ - INFO -   Quantity: 0.0500
2025-11-11 22:35:53 - __main__ - INFO -   Stop Loss: $160.44
2025-11-11 22:35:53 - __main__ - INFO -   Take Profits:
2025-11-11 22:35:53 - __main__ - INFO -     TP1: $157.70 (0.8%) - Close 100%
2025-11-11 22:35:54 - __main__ - INFO - ROSEUSDT: Opening SHORT position...
2025-11-11 22:35:57 - __main__ - INFO - ROSEUSDT: Position opened successfully!
2025-11-11 22:35:57 - __main__ - INFO -   Entry: $0.02
2025-11-11 22:35:57 - __main__ - INFO -   Quantity: 412.0000
2025-11-11 22:35:57 - __main__ - INFO -   Stop Loss: $0.02
2025-11-11 22:35:57 - __main__ - INFO -   Take Profits:
2025-11-11 22:35:57 - __main__ - INFO -     TP1: $0.02 (0.8%) - Close 100%
2025-11-11 22:35:57 - __main__ - INFO - Waiting 60 seconds...
2025-11-11 22:37:00 - __main__ - INFO - XRPUSDT: SHORT signal (strength: 55, valid: True) - MACD bearish crossover, Strong downtrend (EMA alignment), Price below SAR
2025-11-11 22:37:00 - __main__ - INFO - XRPUSDT: Opening SHORT position...
2025-11-11 22:37:04 - __main__ - INFO - XRPUSDT: Position opened successfully!
2025-11-11 22:37:04 - __main__ - INFO -   Entry: $2.42
2025-11-11 22:37:04 - __main__ - INFO -   Quantity: 3.5000
2025-11-11 22:37:04 - __main__ - INFO -   Stop Loss: $2.44
2025-11-11 22:37:04 - __main__ - INFO -   Take Profits:
2025-11-11 22:37:04 - __main__ - INFO -     TP1: $2.40 (0.8%) - Close 100%
2025-11-11 22:37:04 - __main__ - INFO - Waiting 60 seconds...
2025-11-11 22:38:07 - __main__ - INFO - Waiting 60 seconds...
2025-11-11 22:39:09 - __main__ - INFO - Waiting 60 seconds...
2025-11-11 22:40:13 - __main__ - INFO - ============================================================
2025-11-11 22:40:13 - __main__ - INFO - Bot Status - Iteration #5
2025-11-11 22:40:13 - __main__ - INFO - Time: 2025-11-11 22:40:13
2025-11-11 22:40:13 - __main__ - INFO - ------------------------------------------------------------
2025-11-11 22:40:13 - __main__ - INFO - Balance: $17.12 USDT
2025-11-11 22:40:13 - __main__ - INFO - Daily PnL: $-0.01 (-0.07%)
2025-11-11 22:40:13 - __main__ - INFO - Daily Trades: 0
2025-11-11 22:40:13 - __main__ - INFO - Total Trades: 0
2025-11-11 22:40:13 - __main__ - INFO - Win Rate: 0.0%
2025-11-11 22:40:13 - __main__ - INFO - Drawdown: 0.07%
2025-11-11 22:40:13 - __main__ - INFO - ------------------------------------------------------------
2025-11-11 22:40:13 - __main__ - INFO - Active Positions: 3
2025-11-11 22:40:13 - __main__ - INFO -   SOLUSDT: SHORT | Entry: $158.97 | Current: $159.05 | PnL: -0.05% | TP: 0/1
2025-11-11 22:40:13 - __main__ - INFO -   ROSEUSDT: SHORT | Entry: $0.02 | Current: $0.02 | PnL: +0.43% | TP: 0/1
2025-11-11 22:40:13 - __main__ - INFO -   XRPUSDT: SHORT | Entry: $2.42 | Current: $2.43 | PnL: -0.12% | TP: 0/1
2025-11-11 22:40:13 - __main__ - INFO - ============================================================
2025-11-11 22:40:13 - __main__ - INFO - Waiting 60 seconds...
2025-11-11 22:41:16 - __main__ - INFO - Waiting 60 seconds...
2025-11-11 22:42:18 - __main__ - INFO - Waiting 60 seconds...
2025-11-11 22:43:21 - __main__ - INFO - Waiting 60 seconds...
2025-11-11 22:44:24 - __main__ - INFO - Waiting 60 seconds...
2025-11-11 22:45:27 - __main__ - INFO - ============================================================
2025-11-11 22:45:27 - __main__ - INFO - Bot Status - Iteration #10
2025-11-11 22:45:27 - __main__ - INFO - Time: 2025-11-11 22:45:27
2025-11-11 22:45:27 - __main__ - INFO - ------------------------------------------------------------
2025-11-11 22:45:27 - __main__ - INFO - Balance: $17.12 USDT
2025-11-11 22:45:27 - __main__ - INFO - Daily PnL: $-0.01 (-0.07%)
2025-11-11 22:45:27 - __main__ - INFO - Daily Trades: 0
2025-11-11 22:45:27 - __main__ - INFO - Total Trades: 0
2025-11-11 22:45:27 - __main__ - INFO - Win Rate: 0.0%
2025-11-11 22:45:27 - __main__ - INFO - Drawdown: 0.07%
2025-11-11 22:45:27 - __main__ - INFO - ------------------------------------------------------------
2025-11-11 22:45:27 - __main__ - INFO - Active Positions: 3
2025-11-11 22:45:27 - __main__ - INFO -   SOLUSDT: SHORT | Entry: $158.97 | Current: $159.08 | PnL: -0.07% | TP: 0/1
2025-11-11 22:45:27 - __main__ - INFO -   ROSEUSDT: SHORT | Entry: $0.02 | Current: $0.02 | PnL: +0.67% | TP: 0/1
2025-11-11 22:45:27 - __main__ - INFO -   XRPUSDT: SHORT | Entry: $2.42 | Current: $2.42 | PnL: 0.00% | TP: 0/1
2025-11-11 22:45:27 - __main__ - INFO - ============================================================
2025-11-11 22:45:27 - __main__ - INFO - Waiting 60 seconds...
2025-11-11 22:46:29 - __main__ - INFO - Waiting 60 seconds...
2025-11-11 22:47:32 - __main__ - INFO - Waiting 60 seconds...
2025-11-11 22:48:35 - __main__ - INFO - Waiting 60 seconds...
2025-11-11 22:49:37 - __main__ - INFO - Waiting 60 seconds...
2025-11-11 22:50:41 - __main__ - INFO - ============================================================
2025-11-11 22:50:41 - __main__ - INFO - Bot Status - Iteration #15
2025-11-11 22:50:41 - __main__ - INFO - Time: 2025-11-11 22:50:41
2025-11-11 22:50:41 - __main__ - INFO - ------------------------------------------------------------
2025-11-11 22:50:41 - __main__ - INFO - Balance: $17.12 USDT
2025-11-11 22:50:41 - __main__ - INFO - Daily PnL: $-0.01 (-0.07%)
2025-11-11 22:50:41 - __main__ - INFO - Daily Trades: 0
2025-11-11 22:50:41 - __main__ - INFO - Total Trades: 0
2025-11-11 22:50:41 - __main__ - INFO - Win Rate: 0.0%
2025-11-11 22:50:41 - __main__ - INFO - Drawdown: 0.07%
2025-11-11 22:50:41 - __main__ - INFO - ------------------------------------------------------------
2025-11-11 22:50:41 - __main__ - INFO - Active Positions: 3
2025-11-11 22:50:41 - __main__ - INFO -   SOLUSDT: SHORT | Entry: $158.97 | Current: $159.18 | PnL: -0.13% | TP: 0/1
2025-11-11 22:50:41 - __main__ - INFO -   ROSEUSDT: SHORT | Entry: $0.02 | Current: $0.02 | PnL: +0.05% | TP: 0/1
2025-11-11 22:50:41 - __main__ - INFO -   XRPUSDT: SHORT | Entry: $2.42 | Current: $2.43 | PnL: -0.20% | TP: 0/1
2025-11-11 22:50:41 - __main__ - INFO - ============================================================
2025-11-11 22:50:41 - __main__ - INFO - Waiting 60 seconds...
2025-11-11 22:51:43 - __main__ - INFO - BNBUSDT: SHORT signal (strength: 40, valid: True) - Strong downtrend (EMA alignment), Price below SAR, AO bearish
2025-11-11 22:51:43 - __main__ - INFO - ROSEUSDT: SHORT signal (strength: 40, valid: True) - RSI oversold (23.3), Strong downtrend (EMA alignment), Price below SAR
2025-11-11 22:51:44 - __main__ - INFO - BNBUSDT: Opening SHORT position...
2025-11-11 22:51:45 - __main__ - WARNING - BNBUSDT: Failed to open position - Position size too small (min notional: $5.0)
2025-11-11 22:51:45 - __main__ - INFO - ROSEUSDT: Cannot open position - Already have open position in ROSEUSDT
2025-11-11 22:51:45 - __main__ - INFO - Waiting 60 seconds...
2025-11-11 22:52:48 - __main__ - INFO - Waiting 60 seconds...
2025-11-11 22:53:51 - __main__ - INFO - Waiting 60 seconds...
2025-11-11 22:54:53 - __main__ - INFO - Waiting 60 seconds...
2025-11-11 22:55:57 - __main__ - INFO - ============================================================
2025-11-11 22:55:57 - __main__ - INFO - Bot Status - Iteration #20
2025-11-11 22:55:57 - __main__ - INFO - Time: 2025-11-11 22:55:57
2025-11-11 22:55:57 - __main__ - INFO - ------------------------------------------------------------
2025-11-11 22:55:57 - __main__ - INFO - Balance: $17.12 USDT
2025-11-11 22:55:57 - __main__ - INFO - Daily PnL: $-0.01 (-0.07%)
2025-11-11 22:55:57 - __main__ - INFO - Daily Trades: 0
2025-11-11 22:55:57 - __main__ - INFO - Total Trades: 0
2025-11-11 22:55:57 - __main__ - INFO - Win Rate: 0.0%
2025-11-11 22:55:57 - __main__ - INFO - Drawdown: 0.07%
2025-11-11 22:55:57 - __main__ - INFO - ------------------------------------------------------------
2025-11-11 22:55:57 - __main__ - INFO - Active Positions: 3
2025-11-11 22:55:57 - __main__ - INFO -   SOLUSDT: SHORT | Entry: $158.97 | Current: $159.03 | PnL: -0.04% | TP: 0/1
2025-11-11 22:55:57 - __main__ - INFO -   ROSEUSDT: SHORT | Entry: $0.02 | Current: $0.02 | PnL: +0.29% | TP: 0/1
2025-11-11 22:55:57 - __main__ - INFO -   XRPUSDT: SHORT | Entry: $2.42 | Current: $2.43 | PnL: -0.24% | TP: 0/1
2025-11-11 22:55:57 - __main__ - INFO - ============================================================
2025-11-11 22:55:57 - __main__ - INFO - Waiting 60 seconds...
2025-11-11 22:56:59 - __main__ - INFO - Waiting 60 seconds...
2025-11-11 22:58:02 - __main__ - INFO - Waiting 60 seconds...
2025-11-11 22:59:05 - __main__ - INFO - Waiting 60 seconds...
2025-11-11 23:00:08 - __main__ - INFO - Waiting 60 seconds...
2025-11-11 23:01:11 - __main__ - INFO - ROSEUSDT: TP1 hit! Closed 100% | PnL: $0.09 (1.01%)
2025-11-11 23:01:13 - __main__ - INFO - ============================================================
2025-11-11 23:01:13 - __main__ - INFO - Bot Status - Iteration #25
2025-11-11 23:01:13 - __main__ - INFO - Time: 2025-11-11 23:01:13
2025-11-11 23:01:13 - __main__ - INFO - ------------------------------------------------------------
2025-11-11 23:01:13 - __main__ - INFO - Balance: $17.20 USDT
2025-11-11 23:01:13 - __main__ - INFO - Daily PnL: $0.07 (0.41%)
2025-11-11 23:01:13 - __main__ - INFO - Daily Trades: 0
2025-11-11 23:01:13 - __main__ - INFO - Total Trades: 1
2025-11-11 23:01:13 - __main__ - INFO - Win Rate: 100.0%
2025-11-11 23:01:13 - __main__ - INFO - Drawdown: -0.41%
2025-11-11 23:01:13 - __main__ - INFO - ------------------------------------------------------------
2025-11-11 23:01:13 - __main__ - INFO - Active Positions: 2
2025-11-11 23:01:13 - __main__ - INFO -   SOLUSDT: SHORT | Entry: $158.97 | Current: $158.45 | PnL: +0.33% | TP: 0/1
2025-11-11 23:01:13 - __main__ - INFO -   XRPUSDT: SHORT | Entry: $2.42 | Current: $2.42 | PnL: +0.33% | TP: 0/1
2025-11-11 23:01:13 - __main__ - INFO - ============================================================
2025-11-11 23:01:13 - __main__ - INFO - Waiting 60 seconds...
2025-11-11 23:02:16 - __main__ - INFO - Waiting 60 seconds...
2025-11-11 23:03:19 - __main__ - INFO - Waiting 60 seconds...
2025-11-11 23:04:21 - __main__ - INFO - Waiting 60 seconds...
2025-11-11 23:05:24 - __main__ - INFO - Waiting 60 seconds...
2025-11-11 23:06:27 - __main__ - INFO - ============================================================
2025-11-11 23:06:27 - __main__ - INFO - Bot Status - Iteration #30
2025-11-11 23:06:27 - __main__ - INFO - Time: 2025-11-11 23:06:27
2025-11-11 23:06:27 - __main__ - INFO - ------------------------------------------------------------
2025-11-11 23:06:27 - __main__ - INFO - Balance: $17.20 USDT
2025-11-11 23:06:27 - __main__ - INFO - Daily PnL: $0.07 (0.41%)
2025-11-11 23:06:27 - __main__ - INFO - Daily Trades: 0
2025-11-11 23:06:27 - __main__ - INFO - Total Trades: 1
2025-11-11 23:06:27 - __main__ - INFO - Win Rate: 100.0%
2025-11-11 23:06:27 - __main__ - INFO - Drawdown: -0.41%
2025-11-11 23:06:27 - __main__ - INFO - ------------------------------------------------------------
2025-11-11 23:06:27 - __main__ - INFO - Active Positions: 2
2025-11-11 23:06:27 - __main__ - INFO -   SOLUSDT: SHORT | Entry: $158.97 | Current: $158.14 | PnL: +0.52% | TP: 0/1
2025-11-11 23:06:27 - __main__ - INFO -   XRPUSDT: SHORT | Entry: $2.42 | Current: $2.41 | PnL: +0.40% | TP: 0/1
2025-11-11 23:06:27 - __main__ - INFO - ============================================================
2025-11-11 23:06:27 - __main__ - INFO - Waiting 60 seconds...
2025-11-11 23:07:29 - __main__ - INFO - SOLUSDT: SHORT signal (strength: 40, valid: True) - RSI oversold (23.3), Strong downtrend (EMA alignment), Price below SAR
2025-11-11 23:07:30 - __main__ - INFO - ROSEUSDT: SHORT signal (strength: 40, valid: True) - RSI oversold (15.3), Strong downtrend (EMA alignment), Price below SAR
2025-11-11 23:07:30 - __main__ - INFO - XRPUSDT: SHORT signal (strength: 40, valid: True) - Strong downtrend (EMA alignment), Price below SAR, AO bearish
2025-11-11 23:07:30 - __main__ - INFO - SOLUSDT: Cannot open position - Already have open position in SOLUSDT
2025-11-11 23:07:31 - __main__ - INFO - ROSEUSDT: Opening SHORT position...
2025-11-11 23:07:34 - __main__ - INFO - ROSEUSDT: Position opened successfully!
2025-11-11 23:07:34 - __main__ - INFO -   Entry: $0.02
2025-11-11 23:07:34 - __main__ - INFO -   Quantity: 419.0000
2025-11-11 23:07:34 - __main__ - INFO -   Stop Loss: $0.02
2025-11-11 23:07:34 - __main__ - INFO -   Take Profits:
2025-11-11 23:07:34 - __main__ - INFO -     TP1: $0.02 (0.8%) - Close 100%
2025-11-11 23:07:34 - __main__ - INFO - XRPUSDT: Cannot open position - Already have open position in XRPUSDT
2025-11-11 23:07:34 - __main__ - INFO - Waiting 60 seconds...
2025-11-11 23:08:37 - __main__ - INFO - Waiting 60 seconds...
2025-11-11 23:09:40 - __main__ - INFO - Waiting 60 seconds...
2025-11-11 23:10:42 - __main__ - INFO - Waiting 60 seconds...
2025-11-11 23:11:46 - __main__ - INFO - ============================================================
2025-11-11 23:11:46 - __main__ - INFO - Bot Status - Iteration #35
2025-11-11 23:11:46 - __main__ - INFO - Time: 2025-11-11 23:11:46
2025-11-11 23:11:46 - __main__ - INFO - ------------------------------------------------------------
2025-11-11 23:11:46 - __main__ - INFO - Balance: $17.20 USDT
2025-11-11 23:11:46 - __main__ - INFO - Daily PnL: $0.07 (0.38%)
2025-11-11 23:11:46 - __main__ - INFO - Daily Trades: 0
2025-11-11 23:11:46 - __main__ - INFO - Total Trades: 1
2025-11-11 23:11:46 - __main__ - INFO - Win Rate: 100.0%
2025-11-11 23:11:46 - __main__ - INFO - Drawdown: -0.38%
2025-11-11 23:11:46 - __main__ - INFO - ------------------------------------------------------------
2025-11-11 23:11:46 - __main__ - INFO - Active Positions: 3
2025-11-11 23:11:46 - __main__ - INFO -   SOLUSDT: SHORT | Entry: $158.97 | Current: $158.03 | PnL: +0.59% | TP: 0/1
2025-11-11 23:11:46 - __main__ - INFO -   XRPUSDT: SHORT | Entry: $2.42 | Current: $2.42 | PnL: +0.31% | TP: 0/1
2025-11-11 23:11:46 - __main__ - INFO -   ROSEUSDT: SHORT | Entry: $0.02 | Current: $0.02 | PnL: -0.54% | TP: 0/1
2025-11-11 23:11:46 - __main__ - INFO - ============================================================
2025-11-11 23:11:46 - __main__ - INFO - Waiting 60 seconds...
2025-11-11 23:12:48 - __main__ - INFO - Waiting 60 seconds...
2025-11-11 23:13:51 - __main__ - INFO - Waiting 60 seconds...
2025-11-11 23:14:54 - __main__ - INFO - Waiting 60 seconds...
2025-11-11 23:15:56 - __main__ - INFO - Waiting 60 seconds...
2025-11-11 23:17:00 - __main__ - INFO - ============================================================
2025-11-11 23:17:00 - __main__ - INFO - Bot Status - Iteration #40
2025-11-11 23:17:00 - __main__ - INFO - Time: 2025-11-11 23:17:00
2025-11-11 23:17:00 - __main__ - INFO - ------------------------------------------------------------
2025-11-11 23:17:00 - __main__ - INFO - Balance: $17.20 USDT
2025-11-11 23:17:00 - __main__ - INFO - Daily PnL: $0.07 (0.38%)
2025-11-11 23:17:00 - __main__ - INFO - Daily Trades: 0
2025-11-11 23:17:00 - __main__ - INFO - Total Trades: 1
2025-11-11 23:17:00 - __main__ - INFO - Win Rate: 100.0%
2025-11-11 23:17:00 - __main__ - INFO - Drawdown: -0.38%
2025-11-11 23:17:00 - __main__ - INFO - ------------------------------------------------------------
2025-11-11 23:17:00 - __main__ - INFO - Active Positions: 3
2025-11-11 23:17:00 - __main__ - INFO -   SOLUSDT: SHORT | Entry: $158.97 | Current: $158.20 | PnL: +0.48% | TP: 0/1
2025-11-11 23:17:00 - __main__ - INFO -   XRPUSDT: SHORT | Entry: $2.42 | Current: $2.42 | PnL: +0.11% | TP: 0/1
2025-11-11 23:17:00 - __main__ - INFO -   ROSEUSDT: SHORT | Entry: $0.02 | Current: $0.02 | PnL: -0.93% | TP: 0/1
2025-11-11 23:17:00 - __main__ - INFO - ============================================================
2025-11-11 23:17:00 - __main__ - INFO - Waiting 60 seconds...
2025-11-11 23:18:03 - __main__ - INFO - Waiting 60 seconds...
2025-11-11 23:19:05 - __main__ - INFO - Waiting 60 seconds...
2025-11-11 23:20:08 - __main__ - INFO - Waiting 60 seconds...
2025-11-11 23:21:11 - __main__ - INFO - Waiting 60 seconds...
2025-11-11 23:22:14 - __main__ - INFO - ============================================================
2025-11-11 23:22:14 - __main__ - INFO - Bot Status - Iteration #45
2025-11-11 23:22:14 - __main__ - INFO - Time: 2025-11-11 23:22:14
2025-11-11 23:22:14 - __main__ - INFO - ------------------------------------------------------------
2025-11-11 23:22:14 - __main__ - INFO - Balance: $17.20 USDT
2025-11-11 23:22:14 - __main__ - INFO - Daily PnL: $0.07 (0.38%)
2025-11-11 23:22:14 - __main__ - INFO - Daily Trades: 0
2025-11-11 23:22:14 - __main__ - INFO - Total Trades: 1
2025-11-11 23:22:14 - __main__ - INFO - Win Rate: 100.0%
2025-11-11 23:22:14 - __main__ - INFO - Drawdown: -0.38%
2025-11-11 23:22:14 - __main__ - INFO - ------------------------------------------------------------
2025-11-11 23:22:14 - __main__ - INFO - Active Positions: 3
2025-11-11 23:22:14 - __main__ - INFO -   SOLUSDT: SHORT | Entry: $158.97 | Current: $158.31 | PnL: +0.42% | TP: 0/1
2025-11-11 23:22:14 - __main__ - INFO -   XRPUSDT: SHORT | Entry: $2.42 | Current: $2.42 | PnL: +0.12% | TP: 0/1
2025-11-11 23:22:14 - __main__ - INFO -   ROSEUSDT: SHORT | Entry: $0.02 | Current: $0.02 | PnL: -0.98% | TP: 0/1
2025-11-11 23:22:14 - __main__ - INFO - ============================================================
2025-11-11 23:22:14 - __main__ - INFO - Waiting 60 seconds...
2025-11-11 23:23:16 - __main__ - INFO - SOLUSDT: SHORT signal (strength: 40, valid: True) - RSI oversold (28.7), Strong downtrend (EMA alignment), Price below SAR
2025-11-11 23:23:17 - __main__ - INFO - ROSEUSDT: SHORT signal (strength: 40, valid: True) - RSI oversold (22.0), Stochastic oversold crossover, Strong downtrend (EMA alignment)
2025-11-11 23:23:17 - __main__ - INFO - XRPUSDT: SHORT signal (strength: 40, valid: True) - Strong downtrend (EMA alignment), Price below SAR, AO bearish
2025-11-11 23:23:17 - __main__ - INFO - SOLUSDT: Cannot open position - Already have open position in SOLUSDT
2025-11-11 23:23:17 - __main__ - INFO - ROSEUSDT: Cannot open position - Already have open position in ROSEUSDT
2025-11-11 23:23:18 - __main__ - INFO - XRPUSDT: Cannot open position - Already have open position in XRPUSDT
2025-11-11 23:23:18 - __main__ - INFO - Waiting 60 seconds...
2025-11-11 23:24:20 - __main__ - INFO - Waiting 60 seconds...
2025-11-11 23:25:23 - __main__ - INFO - Waiting 60 seconds...
2025-11-11 23:26:26 - __main__ - INFO - Waiting 60 seconds...
2025-11-11 23:27:29 - __main__ - INFO - ============================================================
2025-11-11 23:27:29 - __main__ - INFO - Bot Status - Iteration #50
2025-11-11 23:27:29 - __main__ - INFO - Time: 2025-11-11 23:27:29
2025-11-11 23:27:29 - __main__ - INFO - ------------------------------------------------------------
2025-11-11 23:27:29 - __main__ - INFO - Balance: $17.20 USDT
2025-11-11 23:27:29 - __main__ - INFO - Daily PnL: $0.07 (0.38%)
2025-11-11 23:27:29 - __main__ - INFO - Daily Trades: 0
2025-11-11 23:27:29 - __main__ - INFO - Total Trades: 1
2025-11-11 23:27:29 - __main__ - INFO - Win Rate: 100.0%
2025-11-11 23:27:29 - __main__ - INFO - Drawdown: -0.38%
2025-11-11 23:27:29 - __main__ - INFO - ------------------------------------------------------------
2025-11-11 23:27:29 - __main__ - INFO - Active Positions: 3
2025-11-11 23:27:29 - __main__ - INFO -   SOLUSDT: SHORT | Entry: $158.97 | Current: $158.41 | PnL: +0.35% | TP: 0/1
2025-11-11 23:27:29 - __main__ - INFO -   XRPUSDT: SHORT | Entry: $2.42 | Current: $2.42 | PnL: +0.01% | TP: 0/1
2025-11-11 23:27:29 - __main__ - INFO -   ROSEUSDT: SHORT | Entry: $0.02 | Current: $0.02 | PnL: -0.83% | TP: 0/1
2025-11-11 23:27:29 - __main__ - INFO - ============================================================
2025-11-11 23:27:29 - __main__ - INFO - Waiting 60 seconds...
2025-11-11 23:28:32 - __main__ - INFO - Waiting 60 seconds...
2025-11-11 23:29:34 - __main__ - INFO - Waiting 60 seconds...
2025-11-11 23:30:37 - __main__ - INFO - Waiting 60 seconds...
2025-11-11 23:31:39 - __main__ - INFO - Waiting 60 seconds...
2025-11-11 23:32:43 - __main__ - INFO - ============================================================
2025-11-11 23:32:43 - __main__ - INFO - Bot Status - Iteration #55
2025-11-11 23:32:43 - __main__ - INFO - Time: 2025-11-11 23:32:43
2025-11-11 23:32:43 - __main__ - INFO - ------------------------------------------------------------
2025-11-11 23:32:43 - __main__ - INFO - Balance: $17.20 USDT
2025-11-11 23:32:43 - __main__ - INFO - Daily PnL: $0.07 (0.38%)
2025-11-11 23:32:43 - __main__ - INFO - Daily Trades: 0
2025-11-11 23:32:43 - __main__ - INFO - Total Trades: 1
2025-11-11 23:32:43 - __main__ - INFO - Win Rate: 100.0%
2025-11-11 23:32:43 - __main__ - INFO - Drawdown: -0.38%
2025-11-11 23:32:43 - __main__ - INFO - ------------------------------------------------------------
2025-11-11 23:32:43 - __main__ - INFO - Active Positions: 3
2025-11-11 23:32:43 - __main__ - INFO -   SOLUSDT: SHORT | Entry: $158.97 | Current: $158.55 | PnL: +0.26% | TP: 0/1
2025-11-11 23:32:43 - __main__ - INFO -   XRPUSDT: SHORT | Entry: $2.42 | Current: $2.43 | PnL: -0.22% | TP: 0/1
2025-11-11 23:32:43 - __main__ - INFO -   ROSEUSDT: SHORT | Entry: $0.02 | Current: $0.02 | PnL: -1.12% | TP: 0/1
2025-11-11 23:32:43 - __main__ - INFO - ============================================================
2025-11-11 23:32:43 - __main__ - INFO - Waiting 60 seconds...
2025-11-11 23:33:46 - __main__ - INFO - Waiting 60 seconds...
2025-11-11 23:34:48 - __main__ - INFO - Waiting 60 seconds...
2025-11-11 23:35:51 - __main__ - INFO - Waiting 60 seconds...
2025-11-11 23:36:54 - __main__ - INFO - Waiting 60 seconds...
2025-11-11 23:37:57 - __main__ - INFO - ============================================================
2025-11-11 23:37:57 - __main__ - INFO - Bot Status - Iteration #60
2025-11-11 23:37:57 - __main__ - INFO - Time: 2025-11-11 23:37:57
2025-11-11 23:37:57 - __main__ - INFO - ------------------------------------------------------------
2025-11-11 23:37:57 - __main__ - INFO - Balance: $17.20 USDT
2025-11-11 23:37:57 - __main__ - INFO - Daily PnL: $0.07 (0.38%)
2025-11-11 23:37:57 - __main__ - INFO - Daily Trades: 0
2025-11-11 23:37:57 - __main__ - INFO - Total Trades: 1
2025-11-11 23:37:57 - __main__ - INFO - Win Rate: 100.0%
2025-11-11 23:37:57 - __main__ - INFO - Drawdown: -0.38%
2025-11-11 23:37:57 - __main__ - INFO - ------------------------------------------------------------
2025-11-11 23:37:57 - __main__ - INFO - Active Positions: 3
2025-11-11 23:37:57 - __main__ - INFO -   SOLUSDT: SHORT | Entry: $158.97 | Current: $158.48 | PnL: +0.31% | TP: 0/1
2025-11-11 23:37:57 - __main__ - INFO -   XRPUSDT: SHORT | Entry: $2.42 | Current: $2.43 | PnL: -0.10% | TP: 0/1
2025-11-11 23:37:57 - __main__ - INFO -   ROSEUSDT: SHORT | Entry: $0.02 | Current: $0.02 | PnL: -1.12% | TP: 0/1
2025-11-11 23:37:57 - __main__ - INFO - ============================================================
2025-11-11 23:37:57 - __main__ - INFO - Waiting 60 seconds...
2025-11-11 23:39:00 - __main__ - INFO - Waiting 60 seconds...
2025-11-11 23:40:04 - __main__ - INFO - Waiting 60 seconds...
2025-11-11 23:41:07 - __main__ - INFO - Waiting 60 seconds...
2025-11-11 23:42:10 - __main__ - INFO - Waiting 60 seconds...
2025-11-11 23:43:13 - __main__ - INFO - ============================================================
2025-11-11 23:43:13 - __main__ - INFO - Bot Status - Iteration #65
2025-11-11 23:43:13 - __main__ - INFO - Time: 2025-11-11 23:43:13
2025-11-11 23:43:13 - __main__ - INFO - ------------------------------------------------------------
2025-11-11 23:43:13 - __main__ - INFO - Balance: $17.20 USDT
2025-11-11 23:43:13 - __main__ - INFO - Daily PnL: $0.07 (0.38%)
2025-11-11 23:43:13 - __main__ - INFO - Daily Trades: 0
2025-11-11 23:43:13 - __main__ - INFO - Total Trades: 1
2025-11-11 23:43:13 - __main__ - INFO - Win Rate: 100.0%
2025-11-11 23:43:13 - __main__ - INFO - Drawdown: -0.38%
2025-11-11 23:43:13 - __main__ - INFO - ------------------------------------------------------------
2025-11-11 23:43:13 - __main__ - INFO - Active Positions: 3
2025-11-11 23:43:13 - __main__ - INFO -   SOLUSDT: SHORT | Entry: $158.97 | Current: $157.86 | PnL: +0.70% | TP: 0/1
2025-11-11 23:43:13 - __main__ - INFO -   XRPUSDT: SHORT | Entry: $2.42 | Current: $2.42 | PnL: +0.09% | TP: 0/1
2025-11-11 23:43:13 - __main__ - INFO -   ROSEUSDT: SHORT | Entry: $0.02 | Current: $0.02 | PnL: -0.73% | TP: 0/1
2025-11-11 23:43:13 - __main__ - INFO - ============================================================
2025-11-11 23:43:13 - __main__ - INFO - Waiting 60 seconds...
2025-11-11 23:44:15 - __main__ - INFO - BNBUSDT: SHORT signal (strength: 40, valid: True) - RSI oversold (29.5), Strong downtrend (EMA alignment), Price below SAR
2025-11-11 23:44:16 - __main__ - INFO - BNBUSDT: Opening SHORT position...
2025-11-11 23:44:17 - __main__ - WARNING - BNBUSDT: Failed to open position - Position size too small (min notional: $5.0)
2025-11-11 23:44:17 - __main__ - INFO - Waiting 60 seconds...
2025-11-11 23:45:19 - __main__ - INFO - SOLUSDT: SHORT signal (strength: 40, valid: True) - Strong downtrend (EMA alignment), Price below SAR, AO bearish
2025-11-11 23:45:20 - __main__ - INFO - SOLUSDT: Cannot open position - Already have open position in SOLUSDT
2025-11-11 23:45:20 - __main__ - INFO - Waiting 60 seconds...
2025-11-11 23:46:23 - __main__ - INFO - ROSEUSDT: SHORT signal (strength: 40, valid: True) - RSI oversold (22.4), Stochastic oversold crossover, Strong downtrend (EMA alignment)
2025-11-11 23:46:23 - __main__ - INFO - ROSEUSDT: Cannot open position - Already have open position in ROSEUSDT
2025-11-11 23:46:23 - __main__ - INFO - Waiting 60 seconds...
2025-11-11 23:47:26 - __main__ - INFO - XRPUSDT: SHORT signal (strength: 60, valid: True) - MACD bearish crossover, Strong downtrend (EMA alignment), Price below SAR
2025-11-11 23:47:26 - __main__ - INFO - XRPUSDT: Cannot open position - Already have open position in XRPUSDT
2025-11-11 23:47:26 - __main__ - INFO - Waiting 60 seconds...
2025-11-11 23:48:30 - __main__ - INFO - ============================================================
2025-11-11 23:48:30 - __main__ - INFO - Bot Status - Iteration #70
2025-11-11 23:48:30 - __main__ - INFO - Time: 2025-11-11 23:48:30
2025-11-11 23:48:30 - __main__ - INFO - ------------------------------------------------------------
2025-11-11 23:48:30 - __main__ - INFO - Balance: $17.20 USDT
2025-11-11 23:48:30 - __main__ - INFO - Daily PnL: $0.07 (0.38%)
2025-11-11 23:48:30 - __main__ - INFO - Daily Trades: 0
2025-11-11 23:48:30 - __main__ - INFO - Total Trades: 1
2025-11-11 23:48:30 - __main__ - INFO - Win Rate: 100.0%
2025-11-11 23:48:30 - __main__ - INFO - Drawdown: -0.38%
2025-11-11 23:48:30 - __main__ - INFO - ------------------------------------------------------------
2025-11-11 23:48:30 - __main__ - INFO - Active Positions: 3
2025-11-11 23:48:30 - __main__ - INFO -   SOLUSDT: SHORT | Entry: $158.97 | Current: $158.17 | PnL: +0.50% | TP: 0/1
2025-11-11 23:48:30 - __main__ - INFO -   XRPUSDT: SHORT | Entry: $2.42 | Current: $2.42 | PnL: +0.22% | TP: 0/1
2025-11-11 23:48:30 - __main__ - INFO -   ROSEUSDT: SHORT | Entry: $0.02 | Current: $0.02 | PnL: -0.83% | TP: 0/1
2025-11-11 23:48:30 - __main__ - INFO - ============================================================
2025-11-11 23:48:30 - __main__ - INFO - Waiting 60 seconds...
2025-11-11 23:49:33 - __main__ - INFO - Waiting 60 seconds...
2025-11-11 23:50:36 - __main__ - INFO - Waiting 60 seconds...
2025-11-11 23:51:38 - __main__ - INFO - Waiting 60 seconds...
2025-11-11 23:52:41 - __main__ - INFO - Waiting 60 seconds...
2025-11-11 23:53:45 - __main__ - INFO - ============================================================
2025-11-11 23:53:45 - __main__ - INFO - Bot Status - Iteration #75
2025-11-11 23:53:45 - __main__ - INFO - Time: 2025-11-11 23:53:45
2025-11-11 23:53:45 - __main__ - INFO - ------------------------------------------------------------
2025-11-11 23:53:45 - __main__ - INFO - Balance: $17.20 USDT
2025-11-11 23:53:45 - __main__ - INFO - Daily PnL: $0.07 (0.38%)
2025-11-11 23:53:45 - __main__ - INFO - Daily Trades: 0
2025-11-11 23:53:45 - __main__ - INFO - Total Trades: 1
2025-11-11 23:53:45 - __main__ - INFO - Win Rate: 100.0%
2025-11-11 23:53:45 - __main__ - INFO - Drawdown: -0.38%
2025-11-11 23:53:45 - __main__ - INFO - ------------------------------------------------------------
2025-11-11 23:53:45 - __main__ - INFO - Active Positions: 3
2025-11-11 23:53:45 - __main__ - INFO -   SOLUSDT: SHORT | Entry: $158.97 | Current: $158.07 | PnL: +0.57% | TP: 0/1
2025-11-11 23:53:45 - __main__ - INFO -   XRPUSDT: SHORT | Entry: $2.42 | Current: $2.42 | PnL: +0.12% | TP: 0/1
2025-11-11 23:53:45 - __main__ - INFO -   ROSEUSDT: SHORT | Entry: $0.02 | Current: $0.02 | PnL: -0.68% | TP: 0/1
2025-11-11 23:53:45 - __main__ - INFO - ============================================================
2025-11-11 23:53:45 - __main__ - INFO - Waiting 60 seconds...
2025-11-11 23:54:48 - __main__ - INFO - Waiting 60 seconds...
2025-11-11 23:55:50 - __main__ - INFO - Waiting 60 seconds...
2025-11-11 23:56:53 - __main__ - INFO - Waiting 60 seconds...
2025-11-11 23:57:55 - __main__ - INFO - Waiting 60 seconds...
2025-11-11 23:58:58 - __main__ - INFO - SOLUSDT: TP1 hit! Closed 100% | PnL: $0.08 (0.98%)
2025-11-11 23:59:00 - __main__ - INFO - ============================================================
2025-11-11 23:59:00 - __main__ - INFO - Bot Status - Iteration #80
2025-11-11 23:59:00 - __main__ - INFO - Time: 2025-11-11 23:59:00
2025-11-11 23:59:00 - __main__ - INFO - ------------------------------------------------------------
2025-11-11 23:59:00 - __main__ - INFO - Balance: $17.27 USDT
2025-11-11 23:59:00 - __main__ - INFO - Daily PnL: $0.14 (0.82%)
2025-11-11 23:59:00 - __main__ - INFO - Daily Trades: 0
2025-11-11 23:59:00 - __main__ - INFO - Total Trades: 2
2025-11-11 23:59:00 - __main__ - INFO - Win Rate: 100.0%
2025-11-11 23:59:00 - __main__ - INFO - Drawdown: -0.82%
2025-11-11 23:59:00 - __main__ - INFO - ------------------------------------------------------------
2025-11-11 23:59:00 - __main__ - INFO - Active Positions: 2
2025-11-11 23:59:00 - __main__ - INFO -   XRPUSDT: SHORT | Entry: $2.42 | Current: $2.41 | PnL: +0.46% | TP: 0/1
2025-11-11 23:59:00 - __main__ - INFO -   ROSEUSDT: SHORT | Entry: $0.02 | Current: $0.02 | PnL: -0.15% | TP: 0/1
2025-11-11 23:59:00 - __main__ - INFO - ============================================================
2025-11-11 23:59:00 - __main__ - INFO - Waiting 60 seconds...
2025-11-12 00:00:03 - __main__ - INFO - BNBUSDT: SHORT signal (strength: 40, valid: True) - Strong downtrend (EMA alignment), Price below SAR, AO bearish
2025-11-12 00:00:05 - __main__ - INFO - BNBUSDT: Opening SHORT position...
2025-11-12 00:00:06 - __main__ - WARNING - BNBUSDT: Failed to open position - Position size too small (min notional: $5.0)
2025-11-12 00:00:06 - __main__ - INFO - Waiting 60 seconds...
2025-11-12 00:01:08 - __main__ - INFO - SOLUSDT: SHORT signal (strength: 40, valid: True) - RSI oversold (25.0), Strong downtrend (EMA alignment), Price below SAR
2025-11-12 00:01:09 - __main__ - INFO - SOLUSDT: Opening SHORT position...
2025-11-12 00:01:13 - __main__ - INFO - SOLUSDT: Position opened successfully!
2025-11-12 00:01:13 - __main__ - INFO -   Entry: $157.41
2025-11-12 00:01:13 - __main__ - INFO -   Quantity: 0.0500
2025-11-12 00:01:13 - __main__ - INFO -   Stop Loss: $158.73
2025-11-12 00:01:13 - __main__ - INFO -   Take Profits:
2025-11-12 00:01:13 - __main__ - INFO -     TP1: $156.19 (0.8%) - Close 100%
2025-11-12 00:01:13 - __main__ - INFO - Waiting 60 seconds...
2025-11-12 00:02:15 - __main__ - INFO - ROSEUSDT: SHORT signal (strength: 40, valid: True) - RSI oversold (13.6), Strong downtrend (EMA alignment), Price below SAR
2025-11-12 00:02:15 - __main__ - INFO - ROSEUSDT: Cannot open position - Already have open position in ROSEUSDT
2025-11-12 00:02:15 - __main__ - INFO - Waiting 60 seconds...
2025-11-12 00:03:18 - __main__ - INFO - XRPUSDT: SHORT signal (strength: 40, valid: True) - Price at lower Bollinger Band, Strong downtrend (EMA alignment), Price below SAR
2025-11-12 00:03:18 - __main__ - INFO - XRPUSDT: Cannot open position - Already have open position in XRPUSDT
2025-11-12 00:03:18 - __main__ - INFO - Waiting 60 seconds...
2025-11-12 00:04:22 - __main__ - INFO - ============================================================
2025-11-12 00:04:22 - __main__ - INFO - Bot Status - Iteration #85
2025-11-12 00:04:22 - __main__ - INFO - Time: 2025-11-12 00:04:22
2025-11-12 00:04:22 - __main__ - INFO - ------------------------------------------------------------
2025-11-12 00:04:22 - __main__ - INFO - Balance: $17.27 USDT
2025-11-12 00:04:22 - __main__ - INFO - Daily PnL: $-0.00 (-0.02%)
2025-11-12 00:04:22 - __main__ - INFO - Daily Trades: 0
2025-11-12 00:04:22 - __main__ - INFO - Total Trades: 2
2025-11-12 00:04:22 - __main__ - INFO - Win Rate: 100.0%
2025-11-12 00:04:22 - __main__ - INFO - Drawdown: 0.02%
2025-11-12 00:04:22 - __main__ - INFO - ------------------------------------------------------------
2025-11-12 00:04:22 - __main__ - INFO - Active Positions: 3
2025-11-12 00:04:22 - __main__ - INFO -   XRPUSDT: SHORT | Entry: $2.42 | Current: $2.41 | PnL: +0.38% | TP: 0/1
2025-11-12 00:04:22 - __main__ - INFO -   ROSEUSDT: SHORT | Entry: $0.02 | Current: $0.02 | PnL: -0.24% | TP: 0/1
2025-11-12 00:04:22 - __main__ - INFO -   SOLUSDT: SHORT | Entry: $157.41 | Current: $157.29 | PnL: +0.08% | TP: 0/1
2025-11-12 00:04:22 - __main__ - INFO - ============================================================
2025-11-12 00:04:22 - __main__ - INFO - Waiting 60 seconds...
2025-11-12 00:05:24 - __main__ - INFO - Waiting 60 seconds...
2025-11-12 00:06:27 - __main__ - INFO - Waiting 60 seconds...
2025-11-12 00:07:30 - __main__ - INFO - Waiting 60 seconds...
2025-11-12 00:08:32 - __main__ - INFO - Waiting 60 seconds...
2025-11-12 00:09:36 - __main__ - INFO - ============================================================
2025-11-12 00:09:36 - __main__ - INFO - Bot Status - Iteration #90
2025-11-12 00:09:36 - __main__ - INFO - Time: 2025-11-12 00:09:36
2025-11-12 00:09:36 - __main__ - INFO - ------------------------------------------------------------
2025-11-12 00:09:36 - __main__ - INFO - Balance: $17.27 USDT
2025-11-12 00:09:36 - __main__ - INFO - Daily PnL: $-0.00 (-0.02%)
2025-11-12 00:09:36 - __main__ - INFO - Daily Trades: 0
2025-11-12 00:09:36 - __main__ - INFO - Total Trades: 2
2025-11-12 00:09:36 - __main__ - INFO - Win Rate: 100.0%
2025-11-12 00:09:36 - __main__ - INFO - Drawdown: 0.02%
2025-11-12 00:09:36 - __main__ - INFO - ------------------------------------------------------------
2025-11-12 00:09:36 - __main__ - INFO - Active Positions: 3
2025-11-12 00:09:36 - __main__ - INFO -   XRPUSDT: SHORT | Entry: $2.42 | Current: $2.41 | PnL: +0.65% | TP: 0/1
2025-11-12 00:09:36 - __main__ - INFO -   ROSEUSDT: SHORT | Entry: $0.02 | Current: $0.02 | PnL: +0.34% | TP: 0/1
2025-11-12 00:09:36 - __main__ - INFO -   SOLUSDT: SHORT | Entry: $157.41 | Current: $156.90 | PnL: +0.32% | TP: 0/1
2025-11-12 00:09:36 - __main__ - INFO - ============================================================
2025-11-12 00:09:36 - __main__ - INFO - Waiting 60 seconds...
2025-11-12 00:10:39 - __main__ - INFO - Waiting 60 seconds...
2025-11-12 00:11:41 - __main__ - INFO - Waiting 60 seconds...
2025-11-12 00:12:44 - __main__ - INFO - Waiting 60 seconds...
2025-11-12 00:13:46 - __main__ - INFO - Waiting 60 seconds...
2025-11-12 00:14:50 - __main__ - INFO - ============================================================
2025-11-12 00:14:50 - __main__ - INFO - Bot Status - Iteration #95
2025-11-12 00:14:50 - __main__ - INFO - Time: 2025-11-12 00:14:50
2025-11-12 00:14:50 - __main__ - INFO - ------------------------------------------------------------
2025-11-12 00:14:50 - __main__ - INFO - Balance: $17.27 USDT
2025-11-12 00:14:50 - __main__ - INFO - Daily PnL: $-0.00 (-0.02%)
2025-11-12 00:14:50 - __main__ - INFO - Daily Trades: 0
2025-11-12 00:14:50 - __main__ - INFO - Total Trades: 2
2025-11-12 00:14:50 - __main__ - INFO - Win Rate: 100.0%
2025-11-12 00:14:50 - __main__ - INFO - Drawdown: 0.02%
2025-11-12 00:14:50 - __main__ - INFO - ------------------------------------------------------------
2025-11-12 00:14:50 - __main__ - INFO - Active Positions: 3
2025-11-12 00:14:50 - __main__ - INFO -   XRPUSDT: SHORT | Entry: $2.42 | Current: $2.41 | PnL: +0.46% | TP: 0/1
2025-11-12 00:14:50 - __main__ - INFO -   ROSEUSDT: SHORT | Entry: $0.02 | Current: $0.02 | PnL: 0.00% | TP: 0/1
2025-11-12 00:14:50 - __main__ - INFO -   SOLUSDT: SHORT | Entry: $157.41 | Current: $157.09 | PnL: +0.20% | TP: 0/1
2025-11-12 00:14:50 - __main__ - INFO - ============================================================
2025-11-12 00:14:50 - __main__ - INFO - Waiting 60 seconds...
2025-11-12 00:15:52 - __main__ - INFO - BNBUSDT: SHORT signal (strength: 40, valid: True) - RSI oversold (28.0), Strong downtrend (EMA alignment), Price below SAR
2025-11-12 00:15:53 - __main__ - INFO - BNBUSDT: Opening SHORT position...
2025-11-12 00:15:54 - __main__ - WARNING - BNBUSDT: Failed to open position - Position size too small (min notional: $5.0)
2025-11-12 00:15:54 - __main__ - INFO - Waiting 60 seconds...
2025-11-12 00:16:56 - __main__ - INFO - SOLUSDT: SHORT signal (strength: 40, valid: True) - RSI oversold (22.3), Strong downtrend (EMA alignment), Price below SAR
2025-11-12 00:16:57 - __main__ - INFO - SOLUSDT: Cannot open position - Already have open position in SOLUSDT
2025-11-12 00:16:57 - __main__ - INFO - Waiting 60 seconds...
2025-11-12 00:17:59 - __main__ - INFO - Waiting 60 seconds...
2025-11-12 00:19:03 - __main__ - INFO - Waiting 60 seconds...
2025-11-12 00:20:07 - __main__ - INFO - ============================================================
2025-11-12 00:20:07 - __main__ - INFO - Bot Status - Iteration #100
2025-11-12 00:20:07 - __main__ - INFO - Time: 2025-11-12 00:20:07
2025-11-12 00:20:07 - __main__ - INFO - ------------------------------------------------------------
2025-11-12 00:20:07 - __main__ - INFO - Balance: $17.27 USDT
2025-11-12 00:20:07 - __main__ - INFO - Daily PnL: $-0.00 (-0.02%)
2025-11-12 00:20:07 - __main__ - INFO - Daily Trades: 0
2025-11-12 00:20:07 - __main__ - INFO - Total Trades: 2
2025-11-12 00:20:07 - __main__ - INFO - Win Rate: 100.0%
2025-11-12 00:20:07 - __main__ - INFO - Drawdown: 0.02%
2025-11-12 00:20:07 - __main__ - INFO - ------------------------------------------------------------
2025-11-12 00:20:07 - __main__ - INFO - Active Positions: 3
2025-11-12 00:20:07 - __main__ - INFO -   XRPUSDT: SHORT | Entry: $2.42 | Current: $2.42 | PnL: +0.32% | TP: 0/1
2025-11-12 00:20:07 - __main__ - INFO -   ROSEUSDT: SHORT | Entry: $0.02 | Current: $0.02 | PnL: +0.05% | TP: 0/1
2025-11-12 00:20:07 - __main__ - INFO -   SOLUSDT: SHORT | Entry: $157.41 | Current: $157.27 | PnL: +0.09% | TP: 0/1
2025-11-12 00:20:07 - __main__ - INFO - ============================================================
2025-11-12 00:20:07 - __main__ - INFO - Waiting 60 seconds...
2025-11-12 00:21:10 - __main__ - INFO - Waiting 60 seconds...
2025-11-12 00:22:12 - __main__ - INFO - Waiting 60 seconds...
2025-11-12 00:23:16 - __main__ - INFO - Waiting 60 seconds...
2025-11-12 00:24:18 - __main__ - INFO - Waiting 60 seconds...
2025-11-12 00:25:23 - __main__ - INFO - ============================================================
2025-11-12 00:25:23 - __main__ - INFO - Bot Status - Iteration #105
2025-11-12 00:25:23 - __main__ - INFO - Time: 2025-11-12 00:25:23
2025-11-12 00:25:23 - __main__ - INFO - ------------------------------------------------------------
2025-11-12 00:25:23 - __main__ - INFO - Balance: $17.27 USDT
2025-11-12 00:25:23 - __main__ - INFO - Daily PnL: $-0.00 (-0.02%)
2025-11-12 00:25:23 - __main__ - INFO - Daily Trades: 0
2025-11-12 00:25:23 - __main__ - INFO - Total Trades: 2
2025-11-12 00:25:23 - __main__ - INFO - Win Rate: 100.0%
2025-11-12 00:25:23 - __main__ - INFO - Drawdown: 0.02%
2025-11-12 00:25:23 - __main__ - INFO - ------------------------------------------------------------
2025-11-12 00:25:23 - __main__ - INFO - Active Positions: 3
2025-11-12 00:25:23 - __main__ - INFO -   XRPUSDT: SHORT | Entry: $2.42 | Current: $2.42 | PnL: +0.12% | TP: 0/1
2025-11-12 00:25:23 - __main__ - INFO -   ROSEUSDT: SHORT | Entry: $0.02 | Current: $0.02 | PnL: -0.15% | TP: 0/1
2025-11-12 00:25:23 - __main__ - INFO -   SOLUSDT: SHORT | Entry: $157.41 | Current: $157.76 | PnL: -0.22% | TP: 0/1
2025-11-12 00:25:23 - __main__ - INFO - ============================================================
2025-11-12 00:25:23 - __main__ - INFO - Waiting 60 seconds...
2025-11-12 00:26:26 - __main__ - INFO - Waiting 60 seconds...
2025-11-12 00:27:28 - __main__ - INFO - Waiting 60 seconds...
2025-11-12 00:28:31 - __main__ - INFO - Waiting 60 seconds...
2025-11-12 00:29:17 - __main__ - INFO - 
Shutdown signal received...
2025-11-12 00:29:17 - __main__ - INFO - Shutting down bot...
